--------------------------------------------------------------------------------
Release 14.7 Trace  (nt64)
Copyright (c) 1995-2013 Xilinx, Inc.  All rights reserved.

C:\Xilinx\14.7\ISE_DS\ISE\bin\nt64\unwrapped\trce.exe -intstyle ise -o
mojo_top_0.twr -v 30 -l 30 mojo_top_0_routed.ncd mojo_top_0.pcf

Design file:              mojo_top_0_routed.ncd
Physical constraint file: mojo_top_0.pcf
Device,package,speed:     xc6slx9,tqg144,C,-2 (PRODUCTION 1.23 2013-10-13)
Report level:             verbose report, limited to 30 items per constraint

Environment Variable      Effect 
--------------------      ------ 
NONE                      No environment variables were set
--------------------------------------------------------------------------------

INFO:Timing:2698 - No timing constraints found, doing default enumeration.
INFO:Timing:3412 - To improve timing, see the Timing Closure User Guide (UG612).
INFO:Timing:2752 - To get complete path coverage, use the unconstrained paths 
   option. All paths that are not constrained will be reported in the 
   unconstrained paths section(s) of the report.
INFO:Timing:3339 - The clock-to-out numbers in this timing report are based on 
   a 50 Ohm transmission line loading model.  For the details of this model, 
   and for more information on accounting for different loading conditions, 
   please see the device datasheet.



Data Sheet report:
-----------------
All values displayed in nanoseconds (ns)

Pad to Pad
---------------+---------------+---------+
Source Pad     |Destination Pad|  Delay  |
---------------+---------------+---------+
io_dip[0]      |io_led[0]      |   12.575|
io_dip[0]      |io_led[16]     |   13.775|
io_dip[0]      |io_led[17]     |   14.254|
io_dip[0]      |io_led[18]     |   14.630|
io_dip[1]      |io_led[0]      |   12.726|
io_dip[1]      |io_led[16]     |   13.910|
io_dip[1]      |io_led[17]     |   14.389|
io_dip[1]      |io_led[18]     |   14.781|
io_dip[2]      |io_led[0]      |   12.204|
io_dip[2]      |io_led[16]     |   13.388|
io_dip[2]      |io_led[17]     |   13.867|
io_dip[2]      |io_led[18]     |   14.259|
io_dip[3]      |io_led[0]      |   12.326|
io_dip[3]      |io_led[16]     |   13.709|
io_dip[3]      |io_led[17]     |   14.188|
io_dip[3]      |io_led[18]     |   14.063|
io_dip[4]      |io_led[0]      |   11.567|
io_dip[4]      |io_led[16]     |   12.950|
io_dip[4]      |io_led[17]     |   13.429|
io_dip[4]      |io_led[18]     |   13.311|
io_dip[5]      |io_led[0]      |   11.725|
io_dip[5]      |io_led[16]     |   13.108|
io_dip[5]      |io_led[17]     |   13.587|
io_dip[5]      |io_led[18]     |   13.461|
io_dip[6]      |io_led[0]      |   11.911|
io_dip[6]      |io_led[16]     |   13.294|
io_dip[6]      |io_led[17]     |   13.773|
io_dip[6]      |io_led[18]     |   13.648|
io_dip[7]      |io_led[0]      |   12.173|
io_dip[7]      |io_led[16]     |   13.556|
io_dip[7]      |io_led[17]     |   14.035|
io_dip[7]      |io_led[18]     |   13.909|
io_dip[8]      |io_led[0]      |   12.610|
io_dip[8]      |io_led[16]     |   13.802|
io_dip[8]      |io_led[17]     |   14.281|
io_dip[8]      |io_led[18]     |   14.665|
io_dip[9]      |io_led[0]      |   12.183|
io_dip[9]      |io_led[16]     |   13.367|
io_dip[9]      |io_led[17]     |   13.846|
io_dip[9]      |io_led[18]     |   14.238|
io_dip[10]     |io_led[0]      |   12.154|
io_dip[10]     |io_led[16]     |   13.338|
io_dip[10]     |io_led[17]     |   13.817|
io_dip[10]     |io_led[18]     |   14.209|
io_dip[11]     |io_led[0]      |   11.630|
io_dip[11]     |io_led[16]     |   13.013|
io_dip[11]     |io_led[17]     |   13.492|
io_dip[11]     |io_led[18]     |   13.367|
io_dip[12]     |io_led[0]      |   11.873|
io_dip[12]     |io_led[16]     |   13.256|
io_dip[12]     |io_led[17]     |   13.735|
io_dip[12]     |io_led[18]     |   13.617|
io_dip[13]     |io_led[0]      |   11.548|
io_dip[13]     |io_led[16]     |   12.931|
io_dip[13]     |io_led[17]     |   13.410|
io_dip[13]     |io_led[18]     |   13.284|
io_dip[14]     |io_led[0]      |   11.792|
io_dip[14]     |io_led[16]     |   13.175|
io_dip[14]     |io_led[17]     |   13.654|
io_dip[14]     |io_led[18]     |   13.529|
io_dip[15]     |io_led[0]      |   11.311|
io_dip[15]     |io_led[16]     |   12.694|
io_dip[15]     |io_led[17]     |   13.173|
io_dip[15]     |io_led[18]     |   13.047|
io_dip[16]     |io_led[0]      |   14.330|
io_dip[16]     |io_led[16]     |   15.713|
io_dip[16]     |io_led[17]     |   16.192|
io_dip[16]     |io_led[18]     |   16.251|
io_dip[17]     |io_led[0]      |   11.178|
io_dip[18]     |io_led[0]      |   12.557|
---------------+---------------+---------+


Analysis completed Tue Oct 18 10:27:29 2016 
--------------------------------------------------------------------------------

Trace Settings:
-------------------------
Trace Settings 

Peak Memory Usage: 220 MB



