--------------------------------------------------------------------------------
Release 14.7 Trace  (nt64)
Copyright (c) 1995-2013 Xilinx, Inc.  All rights reserved.

C:\Xilinx\14.7\ISE_DS\ISE\bin\nt64\unwrapped\trce.exe -intstyle ise -o
mojo_top_0.twr -v 30 -l 30 mojo_top_0_routed.ncd mojo_top_0.pcf

Design file:              mojo_top_0_routed.ncd
Physical constraint file: mojo_top_0.pcf
Device,package,speed:     xc6slx9,tqg144,C,-2 (PRODUCTION 1.23 2013-10-13)
Report level:             verbose report, limited to 30 items per constraint

Environment Variable      Effect 
--------------------      ------ 
NONE                      No environment variables were set
--------------------------------------------------------------------------------

INFO:Timing:2698 - No timing constraints found, doing default enumeration.
INFO:Timing:3412 - To improve timing, see the Timing Closure User Guide (UG612).
INFO:Timing:2752 - To get complete path coverage, use the unconstrained paths 
   option. All paths that are not constrained will be reported in the 
   unconstrained paths section(s) of the report.
INFO:Timing:3339 - The clock-to-out numbers in this timing report are based on 
   a 50 Ohm transmission line loading model.  For the details of this model, 
   and for more information on accounting for different loading conditions, 
   please see the device datasheet.



Data Sheet report:
-----------------
All values displayed in nanoseconds (ns)

Pad to Pad
---------------+---------------+---------+
Source Pad     |Destination Pad|  Delay  |
---------------+---------------+---------+
io_dip[0]      |io_led[0]      |   15.345|
io_dip[0]      |io_led[1]      |   12.772|
io_dip[0]      |io_led[2]      |   13.408|
io_dip[0]      |io_led[3]      |   12.974|
io_dip[0]      |io_led[4]      |   13.483|
io_dip[0]      |io_led[5]      |   12.947|
io_dip[0]      |io_led[6]      |   13.675|
io_dip[0]      |io_led[7]      |   13.397|
io_dip[0]      |io_led[8]      |   16.064|
io_dip[0]      |io_led[9]      |   13.647|
io_dip[0]      |io_led[10]     |   14.093|
io_dip[0]      |io_led[11]     |   13.500|
io_dip[0]      |io_led[12]     |   14.977|
io_dip[0]      |io_led[13]     |   13.889|
io_dip[0]      |io_led[14]     |   13.987|
io_dip[0]      |io_led[15]     |   13.982|
io_dip[0]      |io_led[16]     |   13.266|
io_dip[0]      |io_led[17]     |   13.776|
io_dip[0]      |io_led[18]     |   14.739|
io_dip[1]      |io_led[0]      |   15.399|
io_dip[1]      |io_led[1]      |   14.098|
io_dip[1]      |io_led[2]      |   14.048|
io_dip[1]      |io_led[3]      |   13.614|
io_dip[1]      |io_led[4]      |   13.760|
io_dip[1]      |io_led[5]      |   12.999|
io_dip[1]      |io_led[6]      |   14.315|
io_dip[1]      |io_led[7]      |   13.859|
io_dip[1]      |io_led[8]      |   16.118|
io_dip[1]      |io_led[9]      |   14.973|
io_dip[1]      |io_led[10]     |   14.733|
io_dip[1]      |io_led[11]     |   14.140|
io_dip[1]      |io_led[12]     |   15.254|
io_dip[1]      |io_led[13]     |   13.941|
io_dip[1]      |io_led[14]     |   14.627|
io_dip[1]      |io_led[15]     |   14.444|
io_dip[1]      |io_led[16]     |   13.318|
io_dip[1]      |io_led[17]     |   13.828|
io_dip[1]      |io_led[18]     |   14.793|
io_dip[2]      |io_led[0]      |   14.933|
io_dip[2]      |io_led[1]      |   13.462|
io_dip[2]      |io_led[2]      |   13.568|
io_dip[2]      |io_led[3]      |   12.834|
io_dip[2]      |io_led[4]      |   13.193|
io_dip[2]      |io_led[5]      |   12.958|
io_dip[2]      |io_led[6]      |   13.835|
io_dip[2]      |io_led[7]      |   13.107|
io_dip[2]      |io_led[8]      |   15.652|
io_dip[2]      |io_led[9]      |   14.337|
io_dip[2]      |io_led[10]     |   14.253|
io_dip[2]      |io_led[11]     |   13.360|
io_dip[2]      |io_led[12]     |   14.687|
io_dip[2]      |io_led[13]     |   13.900|
io_dip[2]      |io_led[14]     |   14.147|
io_dip[2]      |io_led[15]     |   13.692|
io_dip[2]      |io_led[16]     |   12.976|
io_dip[2]      |io_led[17]     |   13.486|
io_dip[2]      |io_led[18]     |   14.327|
io_dip[3]      |io_led[0]      |   14.699|
io_dip[3]      |io_led[1]      |   13.356|
io_dip[3]      |io_led[2]      |   13.129|
io_dip[3]      |io_led[3]      |   13.879|
io_dip[3]      |io_led[4]      |   13.504|
io_dip[3]      |io_led[5]      |   14.086|
io_dip[3]      |io_led[6]      |   14.147|
io_dip[3]      |io_led[7]      |   13.418|
io_dip[3]      |io_led[8]      |   15.418|
io_dip[3]      |io_led[9]      |   14.231|
io_dip[3]      |io_led[10]     |   13.814|
io_dip[3]      |io_led[11]     |   14.405|
io_dip[3]      |io_led[12]     |   14.998|
io_dip[3]      |io_led[13]     |   15.028|
io_dip[3]      |io_led[14]     |   14.459|
io_dip[3]      |io_led[15]     |   14.003|
io_dip[3]      |io_led[16]     |   13.287|
io_dip[3]      |io_led[17]     |   13.797|
io_dip[3]      |io_led[18]     |   14.093|
io_dip[4]      |io_led[0]      |   14.469|
io_dip[4]      |io_led[1]      |   13.481|
io_dip[4]      |io_led[2]      |   12.760|
io_dip[4]      |io_led[3]      |   13.982|
io_dip[4]      |io_led[4]      |   13.689|
io_dip[4]      |io_led[5]      |   12.731|
io_dip[4]      |io_led[6]      |   13.307|
io_dip[4]      |io_led[7]      |   13.235|
io_dip[4]      |io_led[8]      |   15.188|
io_dip[4]      |io_led[9]      |   14.356|
io_dip[4]      |io_led[10]     |   13.445|
io_dip[4]      |io_led[11]     |   14.508|
io_dip[4]      |io_led[12]     |   15.183|
io_dip[4]      |io_led[13]     |   13.673|
io_dip[4]      |io_led[14]     |   13.619|
io_dip[4]      |io_led[15]     |   13.820|
io_dip[4]      |io_led[16]     |   13.104|
io_dip[4]      |io_led[17]     |   13.614|
io_dip[4]      |io_led[18]     |   13.831|
io_dip[5]      |io_led[0]      |   14.466|
io_dip[5]      |io_led[1]      |   13.480|
io_dip[5]      |io_led[2]      |   13.047|
io_dip[5]      |io_led[3]      |   13.756|
io_dip[5]      |io_led[4]      |   13.760|
io_dip[5]      |io_led[5]      |   14.186|
io_dip[5]      |io_led[6]      |   14.247|
io_dip[5]      |io_led[7]      |   13.232|
io_dip[5]      |io_led[8]      |   15.185|
io_dip[5]      |io_led[9]      |   14.355|
io_dip[5]      |io_led[10]     |   13.732|
io_dip[5]      |io_led[11]     |   14.282|
io_dip[5]      |io_led[12]     |   15.254|
io_dip[5]      |io_led[13]     |   15.128|
io_dip[5]      |io_led[14]     |   14.559|
io_dip[5]      |io_led[15]     |   13.817|
io_dip[5]      |io_led[16]     |   13.101|
io_dip[5]      |io_led[17]     |   13.611|
io_dip[5]      |io_led[18]     |   13.828|
io_dip[6]      |io_led[0]      |   15.176|
io_dip[6]      |io_led[1]      |   13.223|
io_dip[6]      |io_led[2]      |   12.471|
io_dip[6]      |io_led[3]      |   14.001|
io_dip[6]      |io_led[4]      |   13.017|
io_dip[6]      |io_led[5]      |   14.234|
io_dip[6]      |io_led[6]      |   14.735|
io_dip[6]      |io_led[7]      |   13.942|
io_dip[6]      |io_led[8]      |   15.895|
io_dip[6]      |io_led[9]      |   14.098|
io_dip[6]      |io_led[10]     |   13.156|
io_dip[6]      |io_led[11]     |   14.527|
io_dip[6]      |io_led[12]     |   14.511|
io_dip[6]      |io_led[13]     |   15.176|
io_dip[6]      |io_led[14]     |   15.047|
io_dip[6]      |io_led[15]     |   14.527|
io_dip[6]      |io_led[16]     |   13.811|
io_dip[6]      |io_led[17]     |   14.321|
io_dip[6]      |io_led[18]     |   14.538|
io_dip[7]      |io_led[0]      |   15.290|
io_dip[7]      |io_led[1]      |   13.489|
io_dip[7]      |io_led[2]      |   13.040|
io_dip[7]      |io_led[3]      |   13.673|
io_dip[7]      |io_led[4]      |   14.261|
io_dip[7]      |io_led[5]      |   13.179|
io_dip[7]      |io_led[6]      |   14.925|
io_dip[7]      |io_led[7]      |   14.056|
io_dip[7]      |io_led[8]      |   16.009|
io_dip[7]      |io_led[9]      |   14.364|
io_dip[7]      |io_led[10]     |   13.725|
io_dip[7]      |io_led[11]     |   14.199|
io_dip[7]      |io_led[12]     |   15.755|
io_dip[7]      |io_led[13]     |   14.121|
io_dip[7]      |io_led[14]     |   15.237|
io_dip[7]      |io_led[15]     |   14.641|
io_dip[7]      |io_led[16]     |   13.925|
io_dip[7]      |io_led[17]     |   14.435|
io_dip[7]      |io_led[18]     |   14.652|
io_dip[8]      |io_led[0]      |   15.936|
io_dip[8]      |io_led[1]      |   13.366|
io_dip[8]      |io_led[2]      |   13.925|
io_dip[8]      |io_led[3]      |   14.303|
io_dip[8]      |io_led[4]      |   14.051|
io_dip[8]      |io_led[5]      |   13.765|
io_dip[8]      |io_led[6]      |   14.993|
io_dip[8]      |io_led[7]      |   13.965|
io_dip[8]      |io_led[8]      |   16.655|
io_dip[8]      |io_led[9]      |   14.241|
io_dip[8]      |io_led[10]     |   14.610|
io_dip[8]      |io_led[11]     |   14.829|
io_dip[8]      |io_led[12]     |   15.545|
io_dip[8]      |io_led[13]     |   14.707|
io_dip[8]      |io_led[14]     |   15.305|
io_dip[8]      |io_led[15]     |   14.550|
io_dip[8]      |io_led[16]     |   13.834|
io_dip[8]      |io_led[17]     |   14.344|
io_dip[8]      |io_led[18]     |   15.330|
io_dip[9]      |io_led[0]      |   16.773|
io_dip[9]      |io_led[1]      |   14.192|
io_dip[9]      |io_led[2]      |   14.538|
io_dip[9]      |io_led[3]      |   15.230|
io_dip[9]      |io_led[4]      |   14.887|
io_dip[9]      |io_led[5]      |   14.351|
io_dip[9]      |io_led[6]      |   15.489|
io_dip[9]      |io_led[7]      |   14.801|
io_dip[9]      |io_led[8]      |   17.492|
io_dip[9]      |io_led[9]      |   15.067|
io_dip[9]      |io_led[10]     |   15.223|
io_dip[9]      |io_led[11]     |   15.756|
io_dip[9]      |io_led[12]     |   16.381|
io_dip[9]      |io_led[13]     |   15.293|
io_dip[9]      |io_led[14]     |   15.801|
io_dip[9]      |io_led[15]     |   15.386|
io_dip[9]      |io_led[16]     |   14.670|
io_dip[9]      |io_led[17]     |   15.180|
io_dip[9]      |io_led[18]     |   16.167|
io_dip[10]     |io_led[0]      |   15.696|
io_dip[10]     |io_led[1]      |   13.560|
io_dip[10]     |io_led[2]      |   13.504|
io_dip[10]     |io_led[3]      |   13.427|
io_dip[10]     |io_led[4]      |   14.162|
io_dip[10]     |io_led[5]      |   13.295|
io_dip[10]     |io_led[6]      |   14.905|
io_dip[10]     |io_led[7]      |   13.745|
io_dip[10]     |io_led[8]      |   16.415|
io_dip[10]     |io_led[9]      |   14.435|
io_dip[10]     |io_led[10]     |   14.189|
io_dip[10]     |io_led[11]     |   13.953|
io_dip[10]     |io_led[12]     |   15.656|
io_dip[10]     |io_led[13]     |   14.237|
io_dip[10]     |io_led[14]     |   15.217|
io_dip[10]     |io_led[15]     |   14.330|
io_dip[10]     |io_led[16]     |   13.614|
io_dip[10]     |io_led[17]     |   14.124|
io_dip[10]     |io_led[18]     |   15.090|
io_dip[11]     |io_led[0]      |   14.186|
io_dip[11]     |io_led[3]      |   12.403|
io_dip[11]     |io_led[4]      |   12.991|
io_dip[11]     |io_led[5]      |   12.455|
io_dip[11]     |io_led[6]      |   12.732|
io_dip[11]     |io_led[7]      |   12.905|
io_dip[11]     |io_led[8]      |   14.905|
io_dip[11]     |io_led[11]     |   12.929|
io_dip[11]     |io_led[12]     |   14.485|
io_dip[11]     |io_led[13]     |   13.397|
io_dip[11]     |io_led[14]     |   13.044|
io_dip[11]     |io_led[15]     |   13.490|
io_dip[11]     |io_led[16]     |   12.774|
io_dip[11]     |io_led[17]     |   13.284|
io_dip[11]     |io_led[18]     |   13.580|
io_dip[12]     |io_led[0]      |   14.250|
io_dip[12]     |io_led[4]      |   12.963|
io_dip[12]     |io_led[5]      |   12.430|
io_dip[12]     |io_led[6]      |   12.812|
io_dip[12]     |io_led[7]      |   13.016|
io_dip[12]     |io_led[8]      |   14.969|
io_dip[12]     |io_led[12]     |   14.457|
io_dip[12]     |io_led[13]     |   13.372|
io_dip[12]     |io_led[14]     |   13.124|
io_dip[12]     |io_led[15]     |   13.601|
io_dip[12]     |io_led[16]     |   12.885|
io_dip[12]     |io_led[17]     |   13.395|
io_dip[12]     |io_led[18]     |   13.612|
io_dip[13]     |io_led[0]      |   13.680|
io_dip[13]     |io_led[5]      |   11.792|
io_dip[13]     |io_led[6]      |   12.242|
io_dip[13]     |io_led[7]      |   12.446|
io_dip[13]     |io_led[8]      |   14.399|
io_dip[13]     |io_led[13]     |   12.734|
io_dip[13]     |io_led[14]     |   12.554|
io_dip[13]     |io_led[15]     |   13.031|
io_dip[13]     |io_led[16]     |   12.315|
io_dip[13]     |io_led[17]     |   12.825|
io_dip[13]     |io_led[18]     |   13.042|
io_dip[14]     |io_led[0]      |   13.691|
io_dip[14]     |io_led[6]      |   12.260|
io_dip[14]     |io_led[7]      |   12.457|
io_dip[14]     |io_led[8]      |   14.410|
io_dip[14]     |io_led[14]     |   12.572|
io_dip[14]     |io_led[15]     |   13.042|
io_dip[14]     |io_led[16]     |   12.326|
io_dip[14]     |io_led[17]     |   12.836|
io_dip[14]     |io_led[18]     |   13.053|
io_dip[15]     |io_led[0]      |   13.477|
io_dip[15]     |io_led[7]      |   12.243|
io_dip[15]     |io_led[8]      |   14.196|
io_dip[15]     |io_led[15]     |   12.828|
io_dip[15]     |io_led[16]     |   12.112|
io_dip[15]     |io_led[17]     |   12.622|
io_dip[15]     |io_led[18]     |   12.839|
io_dip[16]     |io_led[0]      |   16.755|
io_dip[16]     |io_led[1]      |   14.109|
io_dip[16]     |io_led[2]      |   14.520|
io_dip[16]     |io_led[3]      |   15.096|
io_dip[16]     |io_led[4]      |   14.921|
io_dip[16]     |io_led[5]      |   14.385|
io_dip[16]     |io_led[6]      |   15.033|
io_dip[16]     |io_led[7]      |   14.835|
io_dip[16]     |io_led[8]      |   17.474|
io_dip[16]     |io_led[9]      |   14.984|
io_dip[16]     |io_led[10]     |   15.205|
io_dip[16]     |io_led[11]     |   15.622|
io_dip[16]     |io_led[12]     |   16.415|
io_dip[16]     |io_led[13]     |   15.327|
io_dip[16]     |io_led[14]     |   15.345|
io_dip[16]     |io_led[15]     |   15.420|
io_dip[16]     |io_led[16]     |   14.704|
io_dip[16]     |io_led[17]     |   15.214|
io_dip[16]     |io_led[18]     |   16.149|
io_dip[17]     |io_led[0]      |   13.226|
io_dip[17]     |io_led[1]      |   14.693|
io_dip[17]     |io_led[2]      |   14.357|
io_dip[17]     |io_led[3]      |   14.512|
io_dip[17]     |io_led[4]      |   13.366|
io_dip[17]     |io_led[5]      |   14.753|
io_dip[17]     |io_led[6]      |   14.861|
io_dip[17]     |io_led[7]      |   13.352|
io_dip[17]     |io_led[8]      |   13.945|
io_dip[17]     |io_led[9]      |   15.568|
io_dip[17]     |io_led[10]     |   15.042|
io_dip[17]     |io_led[11]     |   15.038|
io_dip[17]     |io_led[12]     |   14.860|
io_dip[17]     |io_led[13]     |   15.695|
io_dip[17]     |io_led[14]     |   15.173|
io_dip[17]     |io_led[15]     |   13.937|
io_dip[18]     |io_led[0]      |   14.608|
io_dip[18]     |io_led[1]      |   16.021|
io_dip[18]     |io_led[2]      |   13.990|
io_dip[18]     |io_led[3]      |   14.720|
io_dip[18]     |io_led[4]      |   15.079|
io_dip[18]     |io_led[5]      |   15.744|
io_dip[18]     |io_led[6]      |   16.543|
io_dip[18]     |io_led[7]      |   14.445|
io_dip[18]     |io_led[8]      |   15.327|
io_dip[18]     |io_led[9]      |   16.896|
io_dip[18]     |io_led[10]     |   14.675|
io_dip[18]     |io_led[11]     |   15.246|
io_dip[18]     |io_led[12]     |   16.573|
io_dip[18]     |io_led[13]     |   16.686|
io_dip[18]     |io_led[14]     |   16.855|
io_dip[18]     |io_led[15]     |   15.030|
io_dip[19]     |io_led[0]      |   13.662|
io_dip[19]     |io_led[1]      |   13.445|
io_dip[19]     |io_led[2]      |   13.207|
io_dip[19]     |io_led[3]      |   13.507|
io_dip[19]     |io_led[4]      |   13.805|
io_dip[19]     |io_led[5]      |   13.620|
io_dip[19]     |io_led[6]      |   13.522|
io_dip[19]     |io_led[7]      |   14.061|
io_dip[19]     |io_led[8]      |   14.381|
io_dip[19]     |io_led[9]      |   14.320|
io_dip[19]     |io_led[10]     |   13.892|
io_dip[19]     |io_led[11]     |   14.033|
io_dip[19]     |io_led[12]     |   15.299|
io_dip[19]     |io_led[13]     |   14.562|
io_dip[19]     |io_led[14]     |   13.834|
io_dip[19]     |io_led[15]     |   14.646|
io_dip[20]     |io_led[0]      |   13.453|
io_dip[20]     |io_led[1]      |   13.431|
io_dip[20]     |io_led[2]      |   13.080|
io_dip[20]     |io_led[3]      |   13.421|
io_dip[20]     |io_led[4]      |   12.924|
io_dip[20]     |io_led[5]      |   13.561|
io_dip[20]     |io_led[6]      |   13.904|
io_dip[20]     |io_led[7]      |   13.595|
io_dip[20]     |io_led[8]      |   14.172|
io_dip[20]     |io_led[9]      |   14.306|
io_dip[20]     |io_led[10]     |   13.765|
io_dip[20]     |io_led[11]     |   13.947|
io_dip[20]     |io_led[12]     |   14.418|
io_dip[20]     |io_led[13]     |   14.503|
io_dip[20]     |io_led[14]     |   14.216|
io_dip[20]     |io_led[15]     |   14.180|
io_dip[21]     |io_led[0]      |   13.584|
io_dip[21]     |io_led[1]      |   12.517|
io_dip[21]     |io_led[2]      |   12.495|
io_dip[21]     |io_led[3]      |   12.881|
io_dip[21]     |io_led[4]      |   12.360|
io_dip[21]     |io_led[5]      |   13.352|
io_dip[21]     |io_led[6]      |   13.673|
io_dip[21]     |io_led[7]      |   13.278|
io_dip[21]     |io_led[8]      |   14.303|
io_dip[21]     |io_led[9]      |   13.392|
io_dip[21]     |io_led[10]     |   13.180|
io_dip[21]     |io_led[11]     |   13.407|
io_dip[21]     |io_led[12]     |   13.854|
io_dip[21]     |io_led[13]     |   14.294|
io_dip[21]     |io_led[14]     |   13.985|
io_dip[21]     |io_led[15]     |   13.863|
io_dip[22]     |io_led[9]      |   12.929|
io_dip[23]     |io_led[12]     |   13.594|
---------------+---------------+---------+


Analysis completed Thu Oct 20 23:48:23 2016 
--------------------------------------------------------------------------------

Trace Settings:
-------------------------
Trace Settings 

Peak Memory Usage: 216 MB



