--------------------------------------------------------------------------------
Release 14.7 Trace  (nt64)
Copyright (c) 1995-2013 Xilinx, Inc.  All rights reserved.

C:\Xilinx\14.7\ISE_DS\ISE\bin\nt64\unwrapped\trce.exe -intstyle ise -o
mojo_top_0.twr -v 30 -l 30 mojo_top_0_routed.ncd mojo_top_0.pcf

Design file:              mojo_top_0_routed.ncd
Physical constraint file: mojo_top_0.pcf
Device,package,speed:     xc6slx9,tqg144,C,-2 (PRODUCTION 1.23 2013-10-13)
Report level:             verbose report, limited to 30 items per constraint

Environment Variable      Effect 
--------------------      ------ 
NONE                      No environment variables were set
--------------------------------------------------------------------------------

INFO:Timing:2698 - No timing constraints found, doing default enumeration.
INFO:Timing:3412 - To improve timing, see the Timing Closure User Guide (UG612).
INFO:Timing:2752 - To get complete path coverage, use the unconstrained paths 
   option. All paths that are not constrained will be reported in the 
   unconstrained paths section(s) of the report.
INFO:Timing:3339 - The clock-to-out numbers in this timing report are based on 
   a 50 Ohm transmission line loading model.  For the details of this model, 
   and for more information on accounting for different loading conditions, 
   please see the device datasheet.



Data Sheet report:
-----------------
All values displayed in nanoseconds (ns)

Pad to Pad
---------------+---------------+---------+
Source Pad     |Destination Pad|  Delay  |
---------------+---------------+---------+
io_dip[0]      |io_led[0]      |   15.798|
io_dip[0]      |io_led[1]      |   13.858|
io_dip[0]      |io_led[2]      |   13.682|
io_dip[0]      |io_led[3]      |   14.083|
io_dip[0]      |io_led[4]      |   14.038|
io_dip[0]      |io_led[5]      |   13.320|
io_dip[0]      |io_led[6]      |   14.170|
io_dip[0]      |io_led[7]      |   14.335|
io_dip[0]      |io_led[8]      |   16.257|
io_dip[0]      |io_led[9]      |   16.627|
io_dip[0]      |io_led[10]     |   16.630|
io_dip[0]      |io_led[11]     |   18.240|
io_dip[0]      |io_led[12]     |   18.408|
io_dip[0]      |io_led[13]     |   18.419|
io_dip[0]      |io_led[14]     |   19.330|
io_dip[0]      |io_led[15]     |   18.847|
io_dip[0]      |io_led[16]     |   13.010|
io_dip[0]      |io_led[17]     |   13.915|
io_dip[0]      |io_led[18]     |   14.352|
io_dip[1]      |io_led[0]      |   15.536|
io_dip[1]      |io_led[1]      |   13.523|
io_dip[1]      |io_led[2]      |   13.624|
io_dip[1]      |io_led[3]      |   14.025|
io_dip[1]      |io_led[4]      |   15.140|
io_dip[1]      |io_led[5]      |   13.067|
io_dip[1]      |io_led[6]      |   13.884|
io_dip[1]      |io_led[7]      |   14.277|
io_dip[1]      |io_led[8]      |   15.995|
io_dip[1]      |io_led[9]      |   16.365|
io_dip[1]      |io_led[10]     |   16.368|
io_dip[1]      |io_led[11]     |   17.978|
io_dip[1]      |io_led[12]     |   18.146|
io_dip[1]      |io_led[13]     |   18.157|
io_dip[1]      |io_led[14]     |   19.068|
io_dip[1]      |io_led[15]     |   18.585|
io_dip[1]      |io_led[16]     |   12.724|
io_dip[1]      |io_led[17]     |   13.629|
io_dip[1]      |io_led[18]     |   14.090|
io_dip[2]      |io_led[0]      |   15.699|
io_dip[2]      |io_led[1]      |   13.171|
io_dip[2]      |io_led[2]      |   14.196|
io_dip[2]      |io_led[3]      |   13.377|
io_dip[2]      |io_led[4]      |   13.713|
io_dip[2]      |io_led[5]      |   13.840|
io_dip[2]      |io_led[6]      |   14.456|
io_dip[2]      |io_led[7]      |   13.657|
io_dip[2]      |io_led[8]      |   16.158|
io_dip[2]      |io_led[9]      |   16.528|
io_dip[2]      |io_led[10]     |   16.531|
io_dip[2]      |io_led[11]     |   18.141|
io_dip[2]      |io_led[12]     |   18.309|
io_dip[2]      |io_led[13]     |   18.320|
io_dip[2]      |io_led[14]     |   19.231|
io_dip[2]      |io_led[15]     |   18.748|
io_dip[2]      |io_led[16]     |   12.908|
io_dip[2]      |io_led[17]     |   13.813|
io_dip[2]      |io_led[18]     |   14.253|
io_dip[3]      |io_led[0]      |   15.415|
io_dip[3]      |io_led[1]      |   13.528|
io_dip[3]      |io_led[2]      |   13.282|
io_dip[3]      |io_led[3]      |   13.603|
io_dip[3]      |io_led[4]      |   15.471|
io_dip[3]      |io_led[5]      |   14.305|
io_dip[3]      |io_led[6]      |   14.078|
io_dip[3]      |io_led[7]      |   14.042|
io_dip[3]      |io_led[8]      |   15.874|
io_dip[3]      |io_led[9]      |   16.244|
io_dip[3]      |io_led[10]     |   16.247|
io_dip[3]      |io_led[11]     |   17.857|
io_dip[3]      |io_led[12]     |   18.025|
io_dip[3]      |io_led[13]     |   18.036|
io_dip[3]      |io_led[14]     |   18.947|
io_dip[3]      |io_led[15]     |   18.464|
io_dip[3]      |io_led[16]     |   12.898|
io_dip[3]      |io_led[17]     |   13.803|
io_dip[3]      |io_led[18]     |   13.969|
io_dip[4]      |io_led[0]      |   15.748|
io_dip[4]      |io_led[1]      |   12.745|
io_dip[4]      |io_led[2]      |   14.024|
io_dip[4]      |io_led[3]      |   13.844|
io_dip[4]      |io_led[4]      |   14.117|
io_dip[4]      |io_led[5]      |   14.205|
io_dip[4]      |io_led[6]      |   14.400|
io_dip[4]      |io_led[7]      |   14.172|
io_dip[4]      |io_led[8]      |   16.207|
io_dip[4]      |io_led[9]      |   16.577|
io_dip[4]      |io_led[10]     |   16.580|
io_dip[4]      |io_led[11]     |   18.190|
io_dip[4]      |io_led[12]     |   18.358|
io_dip[4]      |io_led[13]     |   18.369|
io_dip[4]      |io_led[14]     |   19.280|
io_dip[4]      |io_led[15]     |   18.797|
io_dip[4]      |io_led[16]     |   13.252|
io_dip[4]      |io_led[17]     |   14.157|
io_dip[4]      |io_led[18]     |   14.302|
io_dip[5]      |io_led[0]      |   15.459|
io_dip[5]      |io_led[1]      |   13.028|
io_dip[5]      |io_led[2]      |   13.165|
io_dip[5]      |io_led[3]      |   14.478|
io_dip[5]      |io_led[4]      |   14.394|
io_dip[5]      |io_led[5]      |   15.147|
io_dip[5]      |io_led[6]      |   14.179|
io_dip[5]      |io_led[7]      |   13.882|
io_dip[5]      |io_led[8]      |   15.918|
io_dip[5]      |io_led[9]      |   16.288|
io_dip[5]      |io_led[10]     |   16.291|
io_dip[5]      |io_led[11]     |   17.901|
io_dip[5]      |io_led[12]     |   18.069|
io_dip[5]      |io_led[13]     |   18.080|
io_dip[5]      |io_led[14]     |   18.991|
io_dip[5]      |io_led[15]     |   18.508|
io_dip[5]      |io_led[16]     |   12.963|
io_dip[5]      |io_led[17]     |   13.868|
io_dip[5]      |io_led[18]     |   14.013|
io_dip[6]      |io_led[0]      |   15.463|
io_dip[6]      |io_led[1]      |   11.920|
io_dip[6]      |io_led[2]      |   12.561|
io_dip[6]      |io_led[3]      |   13.370|
io_dip[6]      |io_led[4]      |   13.957|
io_dip[6]      |io_led[5]      |   14.039|
io_dip[6]      |io_led[6]      |   14.638|
io_dip[6]      |io_led[7]      |   13.578|
io_dip[6]      |io_led[8]      |   15.922|
io_dip[6]      |io_led[9]      |   16.292|
io_dip[6]      |io_led[10]     |   16.295|
io_dip[6]      |io_led[11]     |   17.905|
io_dip[6]      |io_led[12]     |   18.073|
io_dip[6]      |io_led[13]     |   18.084|
io_dip[6]      |io_led[14]     |   18.995|
io_dip[6]      |io_led[15]     |   18.512|
io_dip[6]      |io_led[16]     |   12.967|
io_dip[6]      |io_led[17]     |   13.872|
io_dip[6]      |io_led[18]     |   14.017|
io_dip[7]      |io_led[0]      |   15.693|
io_dip[7]      |io_led[1]      |   11.782|
io_dip[7]      |io_led[2]      |   12.255|
io_dip[7]      |io_led[3]      |   13.512|
io_dip[7]      |io_led[4]      |   14.580|
io_dip[7]      |io_led[5]      |   13.691|
io_dip[7]      |io_led[6]      |   13.827|
io_dip[7]      |io_led[7]      |   13.808|
io_dip[7]      |io_led[8]      |   16.152|
io_dip[7]      |io_led[9]      |   16.522|
io_dip[7]      |io_led[10]     |   16.525|
io_dip[7]      |io_led[11]     |   18.135|
io_dip[7]      |io_led[12]     |   18.303|
io_dip[7]      |io_led[13]     |   18.314|
io_dip[7]      |io_led[14]     |   19.225|
io_dip[7]      |io_led[15]     |   18.742|
io_dip[7]      |io_led[16]     |   13.197|
io_dip[7]      |io_led[17]     |   14.102|
io_dip[7]      |io_led[18]     |   14.247|
io_dip[8]      |io_led[0]      |   15.890|
io_dip[8]      |io_led[1]      |   13.945|
io_dip[8]      |io_led[2]      |   13.978|
io_dip[8]      |io_led[3]      |   14.379|
io_dip[8]      |io_led[4]      |   14.921|
io_dip[8]      |io_led[5]      |   14.687|
io_dip[8]      |io_led[6]      |   14.239|
io_dip[8]      |io_led[7]      |   14.631|
io_dip[8]      |io_led[8]      |   16.349|
io_dip[8]      |io_led[9]      |   16.719|
io_dip[8]      |io_led[10]     |   16.722|
io_dip[8]      |io_led[11]     |   18.332|
io_dip[8]      |io_led[12]     |   18.500|
io_dip[8]      |io_led[13]     |   18.511|
io_dip[8]      |io_led[14]     |   19.422|
io_dip[8]      |io_led[15]     |   18.939|
io_dip[8]      |io_led[16]     |   13.079|
io_dip[8]      |io_led[17]     |   13.984|
io_dip[8]      |io_led[18]     |   14.444|
io_dip[9]      |io_led[0]      |   15.326|
io_dip[9]      |io_led[1]      |   13.580|
io_dip[9]      |io_led[2]      |   13.551|
io_dip[9]      |io_led[3]      |   13.932|
io_dip[9]      |io_led[4]      |   15.523|
io_dip[9]      |io_led[5]      |   14.255|
io_dip[9]      |io_led[6]      |   14.297|
io_dip[9]      |io_led[7]      |   13.978|
io_dip[9]      |io_led[8]      |   15.785|
io_dip[9]      |io_led[9]      |   16.155|
io_dip[9]      |io_led[10]     |   16.158|
io_dip[9]      |io_led[11]     |   17.768|
io_dip[9]      |io_led[12]     |   17.936|
io_dip[9]      |io_led[13]     |   17.947|
io_dip[9]      |io_led[14]     |   18.858|
io_dip[9]      |io_led[15]     |   18.375|
io_dip[9]      |io_led[16]     |   12.514|
io_dip[9]      |io_led[17]     |   13.419|
io_dip[9]      |io_led[18]     |   13.880|
io_dip[10]     |io_led[0]      |   16.314|
io_dip[10]     |io_led[1]      |   13.041|
io_dip[10]     |io_led[2]      |   13.871|
io_dip[10]     |io_led[3]      |   13.697|
io_dip[10]     |io_led[4]      |   14.076|
io_dip[10]     |io_led[5]      |   14.838|
io_dip[10]     |io_led[6]      |   14.683|
io_dip[10]     |io_led[7]      |   14.134|
io_dip[10]     |io_led[8]      |   16.773|
io_dip[10]     |io_led[9]      |   17.143|
io_dip[10]     |io_led[10]     |   17.146|
io_dip[10]     |io_led[11]     |   18.756|
io_dip[10]     |io_led[12]     |   18.924|
io_dip[10]     |io_led[13]     |   18.935|
io_dip[10]     |io_led[14]     |   19.846|
io_dip[10]     |io_led[15]     |   19.363|
io_dip[10]     |io_led[16]     |   13.523|
io_dip[10]     |io_led[17]     |   14.428|
io_dip[10]     |io_led[18]     |   14.868|
io_dip[11]     |io_led[0]      |   14.939|
io_dip[11]     |io_led[3]      |   12.628|
io_dip[11]     |io_led[4]      |   12.292|
io_dip[11]     |io_led[5]      |   12.673|
io_dip[11]     |io_led[6]      |   13.582|
io_dip[11]     |io_led[7]      |   13.033|
io_dip[11]     |io_led[8]      |   15.398|
io_dip[11]     |io_led[9]      |   15.768|
io_dip[11]     |io_led[10]     |   15.771|
io_dip[11]     |io_led[11]     |   17.381|
io_dip[11]     |io_led[12]     |   17.549|
io_dip[11]     |io_led[13]     |   17.560|
io_dip[11]     |io_led[14]     |   18.471|
io_dip[11]     |io_led[15]     |   17.988|
io_dip[11]     |io_led[16]     |   12.422|
io_dip[11]     |io_led[17]     |   13.327|
io_dip[11]     |io_led[18]     |   13.493|
io_dip[12]     |io_led[0]      |   14.959|
io_dip[12]     |io_led[4]      |   12.194|
io_dip[12]     |io_led[5]      |   12.578|
io_dip[12]     |io_led[6]      |   13.592|
io_dip[12]     |io_led[7]      |   13.074|
io_dip[12]     |io_led[8]      |   15.418|
io_dip[12]     |io_led[9]      |   15.788|
io_dip[12]     |io_led[10]     |   15.791|
io_dip[12]     |io_led[11]     |   17.401|
io_dip[12]     |io_led[12]     |   17.569|
io_dip[12]     |io_led[13]     |   17.580|
io_dip[12]     |io_led[14]     |   18.491|
io_dip[12]     |io_led[15]     |   18.008|
io_dip[12]     |io_led[16]     |   12.463|
io_dip[12]     |io_led[17]     |   13.368|
io_dip[12]     |io_led[18]     |   13.513|
io_dip[13]     |io_led[0]      |   14.629|
io_dip[13]     |io_led[5]      |   12.180|
io_dip[13]     |io_led[6]      |   13.262|
io_dip[13]     |io_led[7]      |   12.744|
io_dip[13]     |io_led[8]      |   15.088|
io_dip[13]     |io_led[9]      |   15.458|
io_dip[13]     |io_led[10]     |   15.461|
io_dip[13]     |io_led[11]     |   17.071|
io_dip[13]     |io_led[12]     |   17.239|
io_dip[13]     |io_led[13]     |   17.250|
io_dip[13]     |io_led[14]     |   18.161|
io_dip[13]     |io_led[15]     |   17.678|
io_dip[13]     |io_led[16]     |   12.133|
io_dip[13]     |io_led[17]     |   13.038|
io_dip[13]     |io_led[18]     |   13.183|
io_dip[14]     |io_led[0]      |   14.709|
io_dip[14]     |io_led[6]      |   13.349|
io_dip[14]     |io_led[7]      |   12.824|
io_dip[14]     |io_led[8]      |   15.168|
io_dip[14]     |io_led[9]      |   15.538|
io_dip[14]     |io_led[10]     |   15.541|
io_dip[14]     |io_led[11]     |   17.151|
io_dip[14]     |io_led[12]     |   17.319|
io_dip[14]     |io_led[13]     |   17.330|
io_dip[14]     |io_led[14]     |   18.241|
io_dip[14]     |io_led[15]     |   17.758|
io_dip[14]     |io_led[16]     |   12.213|
io_dip[14]     |io_led[17]     |   13.118|
io_dip[14]     |io_led[18]     |   13.263|
io_dip[15]     |io_led[0]      |   14.371|
io_dip[15]     |io_led[7]      |   12.486|
io_dip[15]     |io_led[8]      |   14.830|
io_dip[15]     |io_led[9]      |   15.200|
io_dip[15]     |io_led[10]     |   15.203|
io_dip[15]     |io_led[11]     |   16.813|
io_dip[15]     |io_led[12]     |   16.981|
io_dip[15]     |io_led[13]     |   16.992|
io_dip[15]     |io_led[14]     |   17.903|
io_dip[15]     |io_led[15]     |   17.420|
io_dip[15]     |io_led[16]     |   11.875|
io_dip[15]     |io_led[17]     |   12.780|
io_dip[15]     |io_led[18]     |   12.925|
io_dip[16]     |io_led[0]      |   17.952|
io_dip[16]     |io_led[1]      |   16.007|
io_dip[16]     |io_led[2]      |   15.509|
io_dip[16]     |io_led[3]      |   15.434|
io_dip[16]     |io_led[4]      |   15.856|
io_dip[16]     |io_led[5]      |   15.561|
io_dip[16]     |io_led[6]      |   16.470|
io_dip[16]     |io_led[7]      |   15.921|
io_dip[16]     |io_led[8]      |   18.411|
io_dip[16]     |io_led[9]      |   18.781|
io_dip[16]     |io_led[10]     |   18.784|
io_dip[16]     |io_led[11]     |   20.394|
io_dip[16]     |io_led[12]     |   20.562|
io_dip[16]     |io_led[13]     |   20.573|
io_dip[16]     |io_led[14]     |   21.484|
io_dip[16]     |io_led[15]     |   21.001|
io_dip[16]     |io_led[16]     |   15.310|
io_dip[16]     |io_led[17]     |   16.215|
io_dip[16]     |io_led[18]     |   16.506|
io_dip[17]     |io_led[0]      |   14.355|
io_dip[17]     |io_led[1]      |   15.497|
io_dip[17]     |io_led[2]      |   14.445|
io_dip[17]     |io_led[3]      |   14.408|
io_dip[17]     |io_led[4]      |   15.946|
io_dip[17]     |io_led[5]      |   16.543|
io_dip[17]     |io_led[6]      |   14.292|
io_dip[17]     |io_led[7]      |   14.649|
io_dip[17]     |io_led[8]      |   14.814|
io_dip[17]     |io_led[9]      |   17.840|
io_dip[17]     |io_led[10]     |   17.980|
io_dip[17]     |io_led[11]     |   18.714|
io_dip[17]     |io_led[12]     |   18.882|
io_dip[17]     |io_led[13]     |   18.893|
io_dip[17]     |io_led[14]     |   19.804|
io_dip[17]     |io_led[15]     |   19.321|
io_dip[18]     |io_led[0]      |   15.148|
io_dip[18]     |io_led[1]      |   14.532|
io_dip[18]     |io_led[2]      |   14.596|
io_dip[18]     |io_led[3]      |   15.346|
io_dip[18]     |io_led[4]      |   17.030|
io_dip[18]     |io_led[5]      |   15.454|
io_dip[18]     |io_led[6]      |   16.473|
io_dip[18]     |io_led[7]      |   14.973|
io_dip[18]     |io_led[8]      |   15.607|
io_dip[18]     |io_led[9]      |   16.875|
io_dip[18]     |io_led[10]     |   17.015|
io_dip[18]     |io_led[11]     |   17.749|
io_dip[18]     |io_led[12]     |   18.970|
io_dip[18]     |io_led[13]     |   19.187|
io_dip[18]     |io_led[14]     |   19.598|
io_dip[18]     |io_led[15]     |   19.115|
io_dip[19]     |io_led[0]      |   13.763|
io_dip[19]     |io_led[1]      |   14.424|
io_dip[19]     |io_led[2]      |   14.077|
io_dip[19]     |io_led[3]      |   14.677|
io_dip[19]     |io_led[4]      |   13.466|
io_dip[19]     |io_led[5]      |   13.969|
io_dip[19]     |io_led[6]      |   14.112|
io_dip[19]     |io_led[7]      |   13.939|
io_dip[19]     |io_led[8]      |   14.222|
io_dip[19]     |io_led[9]      |   16.767|
io_dip[19]     |io_led[10]     |   16.907|
io_dip[19]     |io_led[11]     |   17.641|
io_dip[19]     |io_led[12]     |   17.809|
io_dip[19]     |io_led[13]     |   17.820|
io_dip[19]     |io_led[14]     |   18.731|
io_dip[19]     |io_led[15]     |   18.248|
io_dip[20]     |io_led[0]      |   13.777|
io_dip[20]     |io_led[1]      |   13.950|
io_dip[20]     |io_led[2]      |   13.515|
io_dip[20]     |io_led[3]      |   12.872|
io_dip[20]     |io_led[4]      |   13.367|
io_dip[20]     |io_led[5]      |   13.620|
io_dip[20]     |io_led[6]      |   12.767|
io_dip[20]     |io_led[7]      |   13.694|
io_dip[20]     |io_led[8]      |   14.236|
io_dip[20]     |io_led[9]      |   16.293|
io_dip[20]     |io_led[10]     |   16.433|
io_dip[20]     |io_led[11]     |   17.167|
io_dip[20]     |io_led[12]     |   17.335|
io_dip[20]     |io_led[13]     |   17.346|
io_dip[20]     |io_led[14]     |   18.257|
io_dip[20]     |io_led[15]     |   17.774|
io_dip[21]     |io_led[0]      |   13.858|
io_dip[21]     |io_led[1]      |   14.479|
io_dip[21]     |io_led[2]      |   13.536|
io_dip[21]     |io_led[3]      |   12.823|
io_dip[21]     |io_led[4]      |   13.255|
io_dip[21]     |io_led[5]      |   13.491|
io_dip[21]     |io_led[6]      |   12.890|
io_dip[21]     |io_led[7]      |   13.895|
io_dip[21]     |io_led[8]      |   14.317|
io_dip[21]     |io_led[9]      |   16.822|
io_dip[21]     |io_led[10]     |   16.962|
io_dip[21]     |io_led[11]     |   17.696|
io_dip[21]     |io_led[12]     |   17.864|
io_dip[21]     |io_led[13]     |   17.875|
io_dip[21]     |io_led[14]     |   18.786|
io_dip[21]     |io_led[15]     |   18.303|
io_dip[22]     |io_led[9]      |   12.046|
io_dip[23]     |io_led[8]      |   11.220|
io_dip[23]     |io_led[9]      |   11.682|
io_dip[23]     |io_led[10]     |   13.144|
io_dip[23]     |io_led[11]     |   12.616|
io_dip[23]     |io_led[12]     |   12.784|
io_dip[23]     |io_led[13]     |   12.509|
io_dip[23]     |io_led[14]     |   13.617|
io_dip[23]     |io_led[15]     |   13.134|
---------------+---------------+---------+


Analysis completed Fri Oct 21 01:31:04 2016 
--------------------------------------------------------------------------------

Trace Settings:
-------------------------
Trace Settings 

Peak Memory Usage: 216 MB



